C51 COMPILER V9.52.0.0   LIB_BSE_GPIO                                                      03/29/2016 17:02:45 PAGE 1   


C51 COMPILER V9.52.0.0, COMPILATION OF MODULE LIB_BSE_GPIO
OBJECT MODULE PLACED IN LIB_BSE_GPIO.OBJ
COMPILER INVOKED BY: C:\Keil\C51\BIN\C51.EXE LIB_BSE_GPIO.c BROWSE DEBUG OBJECTEXTEND TABS(2)

line level    source

   1          //------------------------------------------------------------------------------------
   2          //LIB_BSE_GPIO.c
   3          //------------------------------------------------------------------------------------
   4          //
   5          // AUTH: Farineau Camille - Ngattai Lam Prince
   6          // DATE: 07/10/2015
   7          // Target: C8051F020
   8          //
   9          // Tool chain: KEIL PK51
  10          
  11          // Includes
  12          //-----------------------------------------------------------------------------
  13          #include <LIB_BSE_GPIO.h>
  14          //-----------------------------------------------------------------------------
  15          
  16          void Config_GPIO()
  17          {
  18   1          XBR0      = 0x11; // Activation du UART0 sur P0.0 et P0.1
  19   1          XBR2      = 0x40; // Activation du Crossbar
  20   1      }
  21          


MODULE INFORMATION:   STATIC OVERLAYABLE
   CODE SIZE        =      7    ----
   CONSTANT SIZE    =   ----    ----
   XDATA SIZE       =   ----    ----
   PDATA SIZE       =   ----    ----
   DATA SIZE        =   ----    ----
   IDATA SIZE       =   ----    ----
   BIT SIZE         =   ----    ----
END OF MODULE INFORMATION.


C51 COMPILATION COMPLETE.  0 WARNING(S),  0 ERROR(S)
